// Jest Snapshot v1, https://goo.gl/fbAQLP

exports[`Button Component Should show match Button DOM Snapshot 1`] = `
<div>
  <button
    class="chakra-button css-1a6r7m5"
    type="button"
  >
    Add To Cart
  </button>
  <span
    hidden=""
    id="__chakra_env"
  />
</div>
`;
