// Jest Snapshot v1, https://goo.gl/fbAQLP

exports[`Quantity render Should show match Quantity DOM Snapshot 1`] = `
<div>
  <div
    class="css-drsjqf"
  >
    <button
      aria-label="Search database"
      class="chakra-button css-rzypxw"
      data-testid="increase-button"
      type="submit"
    >
      <svg
        aria-hidden="true"
        class="chakra-icon css-onkibi"
        focusable="false"
        viewBox="0 0 24 24"
      >
        <path
          d="M0,12a1.5,1.5,0,0,0,1.5,1.5h8.75a.25.25,0,0,1,.25.25V22.5a1.5,1.5,0,0,0,3,0V13.75a.25.25,0,0,1,.25-.25H22.5a1.5,1.5,0,0,0,0-3H13.75a.25.25,0,0,1-.25-.25V1.5a1.5,1.5,0,0,0-3,0v8.75a.25.25,0,0,1-.25.25H1.5A1.5,1.5,0,0,0,0,12Z"
          fill="currentColor"
        />
      </svg>
    </button>
    <p
      class="chakra-text css-17i4smz"
      data-testid="quantity"
    >
      1
    </p>
    <button
      aria-label="Search database"
      class="chakra-button css-rzypxw"
      data-testid="decrement-button"
      type="submit"
    >
      <svg
        aria-hidden="true"
        class="chakra-icon css-onkibi"
        focusable="false"
        viewBox="0 0 24 24"
      >
        <g
          fill="currentColor"
        >
          <rect
            height="4"
            width="20"
            x="2"
            y="10"
          />
        </g>
      </svg>
    </button>
  </div>
  <span
    hidden=""
    id="__chakra_env"
  />
</div>
`;
